%%abc-charset utf-8
X:1
T:Schottis från Jämtland
R:schottis
C:Trad. efter Lasse Sorlin
Z:Bart Brashers, Apr 2000, bart.brashers@nyckelharpa.org
F: https://www.youtube.com/watch?v=DHbu8j0Wie8
M:2/2
L:1/8
Q:1/2=80 "BPM=80"
K:Edor
E{FE}>D E>F G2 G>-A | B>A c>A B2 (B>c | d)>e- d>c A2 A2- | A>c- e>B G2 G2 |
w:D1 D2 D1 D D1 D2 D3 D3 A A1 A A2 A A1 A1 A2 A3 E A3 A2 A A A A2 E A1 D3 D3 
E{FE}>D E>F G2 G>-A | B>A c>A B2 (B>c | d)>e- d>c A2 F>D | E2 E2 E4 :|
w:D1 D2 D1 D D1 D2 D3 D3 A A1 A A2 A A1 A1 A2 A3 E A3 A2 A D2 D D1 D1 D1 
|: e>f e>c- d>e- d>B- | c>d- c>A B2 B2"B"  | E>D E>F G2 G>-A | B>A c>A B2 ((3Bcd |
w:E E1 E A2 A3 E A3 A1 A2 A3 A2 A A1 A1 D1 D D1 D2 D3 D3 A A1 A A2 A A1 A1 A2 A3 
 e)>f- e>c- d>e- d>B- | c>d- c>A B2 B2"B"  | E>D E>F- G>A- G>E| F2- D2 E4 :|
w:E E1 E A2 A3 E A3 A1 A2 A3 A2 A A1 A1 D1 D D1 D2 D3 A D3 D1 D2 D D1 
